 
****************************************
Report : port
        -verbose
Design : mac_int8
Version: U-2022.12-SP7-3
Date   : Wed Mar 12 13:43:11 2025
****************************************


                       Pin      Wire     Max     Max     Connection
Port           Dir     Load     Load     Trans   Cap     Class      Attrs
--------------------------------------------------------------------------------
a[0]           in      0.0000   0.0000   --      --      --         
a[1]           in      0.0000   0.0000   --      --      --         
a[2]           in      0.0000   0.0000   --      --      --         
a[3]           in      0.0000   0.0000   --      --      --         
a[4]           in      0.0000   0.0000   --      --      --         
a[5]           in      0.0000   0.0000   --      --      --         
a[6]           in      0.0000   0.0000   --      --      --         
a[7]           in      0.0000   0.0000   --      --      --         
b[0]           in      0.0000   0.0000   --      --      --         
b[1]           in      0.0000   0.0000   --      --      --         
b[2]           in      0.0000   0.0000   --      --      --         
b[3]           in      0.0000   0.0000   --      --      --         
b[4]           in      0.0000   0.0000   --      --      --         
b[5]           in      0.0000   0.0000   --      --      --         
b[6]           in      0.0000   0.0000   --      --      --         
b[7]           in      0.0000   0.0000   --      --      --         
c[0]           in      0.0000   0.0000   --      --      --         
c[1]           in      0.0000   0.0000   --      --      --         
c[2]           in      0.0000   0.0000   --      --      --         
c[3]           in      0.0000   0.0000   --      --      --         
c[4]           in      0.0000   0.0000   --      --      --         
c[5]           in      0.0000   0.0000   --      --      --         
c[6]           in      0.0000   0.0000   --      --      --         
c[7]           in      0.0000   0.0000   --      --      --         
o[0]           out     0.0000   0.0000   --      --      --         
o[1]           out     0.0000   0.0000   --      --      --         
o[2]           out     0.0000   0.0000   --      --      --         
o[3]           out     0.0000   0.0000   --      --      --         
o[4]           out     0.0000   0.0000   --      --      --         
o[5]           out     0.0000   0.0000   --      --      --         
o[6]           out     0.0000   0.0000   --      --      --         
o[7]           out     0.0000   0.0000   --      --      --         


              External  Max             Min                Min       Min
              Number    Wireload        Wireload           Pin       Wire
Port          Points    Model           Model              Load      Load
--------------------------------------------------------------------------------
a[0]               1      --              --              --        -- 
a[1]               1      --              --              --        -- 
a[2]               1      --              --              --        -- 
a[3]               1      --              --              --        -- 
a[4]               1      --              --              --        -- 
a[5]               1      --              --              --        -- 
a[6]               1      --              --              --        -- 
a[7]               1      --              --              --        -- 
b[0]               1      --              --              --        -- 
b[1]               1      --              --              --        -- 
b[2]               1      --              --              --        -- 
b[3]               1      --              --              --        -- 
b[4]               1      --              --              --        -- 
b[5]               1      --              --              --        -- 
b[6]               1      --              --              --        -- 
b[7]               1      --              --              --        -- 
c[0]               1      --              --              --        -- 
c[1]               1      --              --              --        -- 
c[2]               1      --              --              --        -- 
c[3]               1      --              --              --        -- 
c[4]               1      --              --              --        -- 
c[5]               1      --              --              --        -- 
c[6]               1      --              --              --        -- 
c[7]               1      --              --              --        -- 
o[0]               1      --              --              --        -- 
o[1]               1      --              --              --        -- 
o[2]               1      --              --              --        -- 
o[3]               1      --              --              --        -- 
o[4]               1      --              --              --        -- 
o[5]               1      --              --              --        -- 
o[6]               1      --              --              --        -- 
o[7]               1      --              --              --        -- 

                    Input Delay
                  Min             Max       Related   Max
Input Port    Rise    Fall    Rise    Fall   Clock  Fanout
--------------------------------------------------------------------------------
a[0]          --      --      --      --      --      -- 
a[1]          --      --      --      --      --      -- 
a[2]          --      --      --      --      --      -- 
a[3]          --      --      --      --      --      -- 
a[4]          --      --      --      --      --      -- 
a[5]          --      --      --      --      --      -- 
a[6]          --      --      --      --      --      -- 
a[7]          --      --      --      --      --      -- 
b[0]          --      --      --      --      --      -- 
b[1]          --      --      --      --      --      -- 
b[2]          --      --      --      --      --      -- 
b[3]          --      --      --      --      --      -- 
b[4]          --      --      --      --      --      -- 
b[5]          --      --      --      --      --      -- 
b[6]          --      --      --      --      --      -- 
b[7]          --      --      --      --      --      -- 
c[0]          --      --      --      --      --      -- 
c[1]          --      --      --      --      --      -- 
c[2]          --      --      --      --      --      -- 
c[3]          --      --      --      --      --      -- 
c[4]          --      --      --      --      --      -- 
c[5]          --      --      --      --      --      -- 
c[6]          --      --      --      --      --      -- 
c[7]          --      --      --      --      --      -- 


               Max Drive      Min Drive      Resistance    Min    Min       Cell
Input Port    Rise    Fall   Rise    Fall   Max     Min    Cap    Fanout    Deg
--------------------------------------------------------------------------------
a[0]          --      --     --      --     --      --     --     --        -- 
a[1]          --      --     --      --     --      --     --     --        -- 
a[2]          --      --     --      --     --      --     --     --        -- 
a[3]          --      --     --      --     --      --     --     --        -- 
a[4]          --      --     --      --     --      --     --     --        -- 
a[5]          --      --     --      --     --      --     --     --        -- 
a[6]          --      --     --      --     --      --     --     --        -- 
a[7]          --      --     --      --     --      --     --     --        -- 
b[0]          --      --     --      --     --      --     --     --        -- 
b[1]          --      --     --      --     --      --     --     --        -- 
b[2]          --      --     --      --     --      --     --     --        -- 
b[3]          --      --     --      --     --      --     --     --        -- 
b[4]          --      --     --      --     --      --     --     --        -- 
b[5]          --      --     --      --     --      --     --     --        -- 
b[6]          --      --     --      --     --      --     --     --        -- 
b[7]          --      --     --      --     --      --     --     --        -- 
c[0]          --      --     --      --     --      --     --     --        -- 
c[1]          --      --     --      --     --      --     --     --        -- 
c[2]          --      --     --      --     --      --     --     --        -- 
c[3]          --      --     --      --     --      --     --     --        -- 
c[4]          --      --     --      --     --      --     --     --        -- 
c[5]          --      --     --      --     --      --     --     --        -- 
c[6]          --      --     --      --     --      --     --     --        -- 
c[7]          --      --     --      --     --      --     --     --        -- 


               Max Tran        Min Tran
Input Port    Rise    Fall    Rise    Fall
--------------------------------------------------------------------------------
a[0]          --      --      --      -- 
a[1]          --      --      --      -- 
a[2]          --      --      --      -- 
a[3]          --      --      --      -- 
a[4]          --      --      --      -- 
a[5]          --      --      --      -- 
a[6]          --      --      --      -- 
a[7]          --      --      --      -- 
b[0]          --      --      --      -- 
b[1]          --      --      --      -- 
b[2]          --      --      --      -- 
b[3]          --      --      --      -- 
b[4]          --      --      --      -- 
b[5]          --      --      --      -- 
b[6]          --      --      --      -- 
b[7]          --      --      --      -- 
c[0]          --      --      --      -- 
c[1]          --      --      --      -- 
c[2]          --      --      --      -- 
c[3]          --      --      --      -- 
c[4]          --      --      --      -- 
c[5]          --      --      --      -- 
c[6]          --      --      --      -- 
c[7]          --      --      --      -- 


                    Output Delay
                  Min             Max      Related  Fanout
Output Port   Rise    Fall    Rise    Fall  Clock     Load
--------------------------------------------------------------------------------
o[0]          --      --      --      --      --      0.00
o[1]          --      --      --      --      --      0.00
o[2]          --      --      --      --      --      0.00
o[3]          --      --      --      --      --      0.00
o[4]          --      --      --      --      --      0.00
o[5]          --      --      --      --      --      0.00
o[6]          --      --      --      --      --      0.00
o[7]          --      --      --      --      --      0.00

1
