 
****************************************
Report : port
        -verbose
Design : mul_double64
Version: U-2022.12-SP7-3
Date   : Mon Mar 24 12:16:17 2025
****************************************


                       Pin      Wire     Max     Max     Connection
Port           Dir     Load     Load     Trans   Cap     Class      Attrs
--------------------------------------------------------------------------------
a[0]           in      0.0000   0.0000   --      --      --         
a[1]           in      0.0000   0.0000   --      --      --         
a[2]           in      0.0000   0.0000   --      --      --         
a[3]           in      0.0000   0.0000   --      --      --         
a[4]           in      0.0000   0.0000   --      --      --         
a[5]           in      0.0000   0.0000   --      --      --         
a[6]           in      0.0000   0.0000   --      --      --         
a[7]           in      0.0000   0.0000   --      --      --         
a[8]           in      0.0000   0.0000   --      --      --         
a[9]           in      0.0000   0.0000   --      --      --         
a[10]          in      0.0000   0.0000   --      --      --         
a[11]          in      0.0000   0.0000   --      --      --         
a[12]          in      0.0000   0.0000   --      --      --         
a[13]          in      0.0000   0.0000   --      --      --         
a[14]          in      0.0000   0.0000   --      --      --         
a[15]          in      0.0000   0.0000   --      --      --         
a[16]          in      0.0000   0.0000   --      --      --         
a[17]          in      0.0000   0.0000   --      --      --         
a[18]          in      0.0000   0.0000   --      --      --         
a[19]          in      0.0000   0.0000   --      --      --         
a[20]          in      0.0000   0.0000   --      --      --         
a[21]          in      0.0000   0.0000   --      --      --         
a[22]          in      0.0000   0.0000   --      --      --         
a[23]          in      0.0000   0.0000   --      --      --         
a[24]          in      0.0000   0.0000   --      --      --         
a[25]          in      0.0000   0.0000   --      --      --         
a[26]          in      0.0000   0.0000   --      --      --         
a[27]          in      0.0000   0.0000   --      --      --         
a[28]          in      0.0000   0.0000   --      --      --         
a[29]          in      0.0000   0.0000   --      --      --         
a[30]          in      0.0000   0.0000   --      --      --         
a[31]          in      0.0000   0.0000   --      --      --         
a[32]          in      0.0000   0.0000   --      --      --         
a[33]          in      0.0000   0.0000   --      --      --         
a[34]          in      0.0000   0.0000   --      --      --         
a[35]          in      0.0000   0.0000   --      --      --         
a[36]          in      0.0000   0.0000   --      --      --         
a[37]          in      0.0000   0.0000   --      --      --         
a[38]          in      0.0000   0.0000   --      --      --         
a[39]          in      0.0000   0.0000   --      --      --         
a[40]          in      0.0000   0.0000   --      --      --         
a[41]          in      0.0000   0.0000   --      --      --         
a[42]          in      0.0000   0.0000   --      --      --         
a[43]          in      0.0000   0.0000   --      --      --         
a[44]          in      0.0000   0.0000   --      --      --         
a[45]          in      0.0000   0.0000   --      --      --         
a[46]          in      0.0000   0.0000   --      --      --         
a[47]          in      0.0000   0.0000   --      --      --         
a[48]          in      0.0000   0.0000   --      --      --         
a[49]          in      0.0000   0.0000   --      --      --         
a[50]          in      0.0000   0.0000   --      --      --         
a[51]          in      0.0000   0.0000   --      --      --         
a[52]          in      0.0000   0.0000   --      --      --         
a[53]          in      0.0000   0.0000   --      --      --         
a[54]          in      0.0000   0.0000   --      --      --         
a[55]          in      0.0000   0.0000   --      --      --         
a[56]          in      0.0000   0.0000   --      --      --         
a[57]          in      0.0000   0.0000   --      --      --         
a[58]          in      0.0000   0.0000   --      --      --         
a[59]          in      0.0000   0.0000   --      --      --         
a[60]          in      0.0000   0.0000   --      --      --         
a[61]          in      0.0000   0.0000   --      --      --         
a[62]          in      0.0000   0.0000   --      --      --         
a[63]          in      0.0000   0.0000   --      --      --         
b[0]           in      0.0000   0.0000   --      --      --         
b[1]           in      0.0000   0.0000   --      --      --         
b[2]           in      0.0000   0.0000   --      --      --         
b[3]           in      0.0000   0.0000   --      --      --         
b[4]           in      0.0000   0.0000   --      --      --         
b[5]           in      0.0000   0.0000   --      --      --         
b[6]           in      0.0000   0.0000   --      --      --         
b[7]           in      0.0000   0.0000   --      --      --         
b[8]           in      0.0000   0.0000   --      --      --         
b[9]           in      0.0000   0.0000   --      --      --         
b[10]          in      0.0000   0.0000   --      --      --         
b[11]          in      0.0000   0.0000   --      --      --         
b[12]          in      0.0000   0.0000   --      --      --         
b[13]          in      0.0000   0.0000   --      --      --         
b[14]          in      0.0000   0.0000   --      --      --         
b[15]          in      0.0000   0.0000   --      --      --         
b[16]          in      0.0000   0.0000   --      --      --         
b[17]          in      0.0000   0.0000   --      --      --         
b[18]          in      0.0000   0.0000   --      --      --         
b[19]          in      0.0000   0.0000   --      --      --         
b[20]          in      0.0000   0.0000   --      --      --         
b[21]          in      0.0000   0.0000   --      --      --         
b[22]          in      0.0000   0.0000   --      --      --         
b[23]          in      0.0000   0.0000   --      --      --         
b[24]          in      0.0000   0.0000   --      --      --         
b[25]          in      0.0000   0.0000   --      --      --         
b[26]          in      0.0000   0.0000   --      --      --         
b[27]          in      0.0000   0.0000   --      --      --         
b[28]          in      0.0000   0.0000   --      --      --         
b[29]          in      0.0000   0.0000   --      --      --         
b[30]          in      0.0000   0.0000   --      --      --         
b[31]          in      0.0000   0.0000   --      --      --         
b[32]          in      0.0000   0.0000   --      --      --         
b[33]          in      0.0000   0.0000   --      --      --         
b[34]          in      0.0000   0.0000   --      --      --         
b[35]          in      0.0000   0.0000   --      --      --         
b[36]          in      0.0000   0.0000   --      --      --         
b[37]          in      0.0000   0.0000   --      --      --         
b[38]          in      0.0000   0.0000   --      --      --         
b[39]          in      0.0000   0.0000   --      --      --         
b[40]          in      0.0000   0.0000   --      --      --         
b[41]          in      0.0000   0.0000   --      --      --         
b[42]          in      0.0000   0.0000   --      --      --         
b[43]          in      0.0000   0.0000   --      --      --         
b[44]          in      0.0000   0.0000   --      --      --         
b[45]          in      0.0000   0.0000   --      --      --         
b[46]          in      0.0000   0.0000   --      --      --         
b[47]          in      0.0000   0.0000   --      --      --         
b[48]          in      0.0000   0.0000   --      --      --         
b[49]          in      0.0000   0.0000   --      --      --         
b[50]          in      0.0000   0.0000   --      --      --         
b[51]          in      0.0000   0.0000   --      --      --         
b[52]          in      0.0000   0.0000   --      --      --         
b[53]          in      0.0000   0.0000   --      --      --         
b[54]          in      0.0000   0.0000   --      --      --         
b[55]          in      0.0000   0.0000   --      --      --         
b[56]          in      0.0000   0.0000   --      --      --         
b[57]          in      0.0000   0.0000   --      --      --         
b[58]          in      0.0000   0.0000   --      --      --         
b[59]          in      0.0000   0.0000   --      --      --         
b[60]          in      0.0000   0.0000   --      --      --         
b[61]          in      0.0000   0.0000   --      --      --         
b[62]          in      0.0000   0.0000   --      --      --         
b[63]          in      0.0000   0.0000   --      --      --         
rnd[0]         in      0.0000   0.0000   --      --      --         
rnd[1]         in      0.0000   0.0000   --      --      --         
rnd[2]         in      0.0000   0.0000   --      --      --         
o[0]           out     0.0000   0.0000   --      --      --         
o[1]           out     0.0000   0.0000   --      --      --         
o[2]           out     0.0000   0.0000   --      --      --         
o[3]           out     0.0000   0.0000   --      --      --         
o[4]           out     0.0000   0.0000   --      --      --         
o[5]           out     0.0000   0.0000   --      --      --         
o[6]           out     0.0000   0.0000   --      --      --         
o[7]           out     0.0000   0.0000   --      --      --         
o[8]           out     0.0000   0.0000   --      --      --         
o[9]           out     0.0000   0.0000   --      --      --         
o[10]          out     0.0000   0.0000   --      --      --         
o[11]          out     0.0000   0.0000   --      --      --         
o[12]          out     0.0000   0.0000   --      --      --         
o[13]          out     0.0000   0.0000   --      --      --         
o[14]          out     0.0000   0.0000   --      --      --         
o[15]          out     0.0000   0.0000   --      --      --         
o[16]          out     0.0000   0.0000   --      --      --         
o[17]          out     0.0000   0.0000   --      --      --         
o[18]          out     0.0000   0.0000   --      --      --         
o[19]          out     0.0000   0.0000   --      --      --         
o[20]          out     0.0000   0.0000   --      --      --         
o[21]          out     0.0000   0.0000   --      --      --         
o[22]          out     0.0000   0.0000   --      --      --         
o[23]          out     0.0000   0.0000   --      --      --         
o[24]          out     0.0000   0.0000   --      --      --         
o[25]          out     0.0000   0.0000   --      --      --         
o[26]          out     0.0000   0.0000   --      --      --         
o[27]          out     0.0000   0.0000   --      --      --         
o[28]          out     0.0000   0.0000   --      --      --         
o[29]          out     0.0000   0.0000   --      --      --         
o[30]          out     0.0000   0.0000   --      --      --         
o[31]          out     0.0000   0.0000   --      --      --         
o[32]          out     0.0000   0.0000   --      --      --         
o[33]          out     0.0000   0.0000   --      --      --         
o[34]          out     0.0000   0.0000   --      --      --         
o[35]          out     0.0000   0.0000   --      --      --         
o[36]          out     0.0000   0.0000   --      --      --         
o[37]          out     0.0000   0.0000   --      --      --         
o[38]          out     0.0000   0.0000   --      --      --         
o[39]          out     0.0000   0.0000   --      --      --         
o[40]          out     0.0000   0.0000   --      --      --         
o[41]          out     0.0000   0.0000   --      --      --         
o[42]          out     0.0000   0.0000   --      --      --         
o[43]          out     0.0000   0.0000   --      --      --         
o[44]          out     0.0000   0.0000   --      --      --         
o[45]          out     0.0000   0.0000   --      --      --         
o[46]          out     0.0000   0.0000   --      --      --         
o[47]          out     0.0000   0.0000   --      --      --         
o[48]          out     0.0000   0.0000   --      --      --         
o[49]          out     0.0000   0.0000   --      --      --         
o[50]          out     0.0000   0.0000   --      --      --         
o[51]          out     0.0000   0.0000   --      --      --         
o[52]          out     0.0000   0.0000   --      --      --         
o[53]          out     0.0000   0.0000   --      --      --         
o[54]          out     0.0000   0.0000   --      --      --         
o[55]          out     0.0000   0.0000   --      --      --         
o[56]          out     0.0000   0.0000   --      --      --         
o[57]          out     0.0000   0.0000   --      --      --         
o[58]          out     0.0000   0.0000   --      --      --         
o[59]          out     0.0000   0.0000   --      --      --         
o[60]          out     0.0000   0.0000   --      --      --         
o[61]          out     0.0000   0.0000   --      --      --         
o[62]          out     0.0000   0.0000   --      --      --         
o[63]          out     0.0000   0.0000   --      --      --         
status[0]      out     0.0000   0.0000   --      --      --         
status[1]      out     0.0000   0.0000   --      --      --         
status[2]      out     0.0000   0.0000   --      --      --         
status[3]      out     0.0000   0.0000   --      --      --         
status[4]      out     0.0000   0.0000   --      --      --         
status[5]      out     0.0000   0.0000   --      --      --         
status[6]      out     0.0000   0.0000   --      --      --         
status[7]      out     0.0000   0.0000   --      --      --         


              External  Max             Min                Min       Min
              Number    Wireload        Wireload           Pin       Wire
Port          Points    Model           Model              Load      Load
--------------------------------------------------------------------------------
a[0]               1      --              --              --        -- 
a[1]               1      --              --              --        -- 
a[2]               1      --              --              --        -- 
a[3]               1      --              --              --        -- 
a[4]               1      --              --              --        -- 
a[5]               1      --              --              --        -- 
a[6]               1      --              --              --        -- 
a[7]               1      --              --              --        -- 
a[8]               1      --              --              --        -- 
a[9]               1      --              --              --        -- 
a[10]              1      --              --              --        -- 
a[11]              1      --              --              --        -- 
a[12]              1      --              --              --        -- 
a[13]              1      --              --              --        -- 
a[14]              1      --              --              --        -- 
a[15]              1      --              --              --        -- 
a[16]              1      --              --              --        -- 
a[17]              1      --              --              --        -- 
a[18]              1      --              --              --        -- 
a[19]              1      --              --              --        -- 
a[20]              1      --              --              --        -- 
a[21]              1      --              --              --        -- 
a[22]              1      --              --              --        -- 
a[23]              1      --              --              --        -- 
a[24]              1      --              --              --        -- 
a[25]              1      --              --              --        -- 
a[26]              1      --              --              --        -- 
a[27]              1      --              --              --        -- 
a[28]              1      --              --              --        -- 
a[29]              1      --              --              --        -- 
a[30]              1      --              --              --        -- 
a[31]              1      --              --              --        -- 
a[32]              1      --              --              --        -- 
a[33]              1      --              --              --        -- 
a[34]              1      --              --              --        -- 
a[35]              1      --              --              --        -- 
a[36]              1      --              --              --        -- 
a[37]              1      --              --              --        -- 
a[38]              1      --              --              --        -- 
a[39]              1      --              --              --        -- 
a[40]              1      --              --              --        -- 
a[41]              1      --              --              --        -- 
a[42]              1      --              --              --        -- 
a[43]              1      --              --              --        -- 
a[44]              1      --              --              --        -- 
a[45]              1      --              --              --        -- 
a[46]              1      --              --              --        -- 
a[47]              1      --              --              --        -- 
a[48]              1      --              --              --        -- 
a[49]              1      --              --              --        -- 
a[50]              1      --              --              --        -- 
a[51]              1      --              --              --        -- 
a[52]              1      --              --              --        -- 
a[53]              1      --              --              --        -- 
a[54]              1      --              --              --        -- 
a[55]              1      --              --              --        -- 
a[56]              1      --              --              --        -- 
a[57]              1      --              --              --        -- 
a[58]              1      --              --              --        -- 
a[59]              1      --              --              --        -- 
a[60]              1      --              --              --        -- 
a[61]              1      --              --              --        -- 
a[62]              1      --              --              --        -- 
a[63]              1      --              --              --        -- 
b[0]               1      --              --              --        -- 
b[1]               1      --              --              --        -- 
b[2]               1      --              --              --        -- 
b[3]               1      --              --              --        -- 
b[4]               1      --              --              --        -- 
b[5]               1      --              --              --        -- 
b[6]               1      --              --              --        -- 
b[7]               1      --              --              --        -- 
b[8]               1      --              --              --        -- 
b[9]               1      --              --              --        -- 
b[10]              1      --              --              --        -- 
b[11]              1      --              --              --        -- 
b[12]              1      --              --              --        -- 
b[13]              1      --              --              --        -- 
b[14]              1      --              --              --        -- 
b[15]              1      --              --              --        -- 
b[16]              1      --              --              --        -- 
b[17]              1      --              --              --        -- 
b[18]              1      --              --              --        -- 
b[19]              1      --              --              --        -- 
b[20]              1      --              --              --        -- 
b[21]              1      --              --              --        -- 
b[22]              1      --              --              --        -- 
b[23]              1      --              --              --        -- 
b[24]              1      --              --              --        -- 
b[25]              1      --              --              --        -- 
b[26]              1      --              --              --        -- 
b[27]              1      --              --              --        -- 
b[28]              1      --              --              --        -- 
b[29]              1      --              --              --        -- 
b[30]              1      --              --              --        -- 
b[31]              1      --              --              --        -- 
b[32]              1      --              --              --        -- 
b[33]              1      --              --              --        -- 
b[34]              1      --              --              --        -- 
b[35]              1      --              --              --        -- 
b[36]              1      --              --              --        -- 
b[37]              1      --              --              --        -- 
b[38]              1      --              --              --        -- 
b[39]              1      --              --              --        -- 
b[40]              1      --              --              --        -- 
b[41]              1      --              --              --        -- 
b[42]              1      --              --              --        -- 
b[43]              1      --              --              --        -- 
b[44]              1      --              --              --        -- 
b[45]              1      --              --              --        -- 
b[46]              1      --              --              --        -- 
b[47]              1      --              --              --        -- 
b[48]              1      --              --              --        -- 
b[49]              1      --              --              --        -- 
b[50]              1      --              --              --        -- 
b[51]              1      --              --              --        -- 
b[52]              1      --              --              --        -- 
b[53]              1      --              --              --        -- 
b[54]              1      --              --              --        -- 
b[55]              1      --              --              --        -- 
b[56]              1      --              --              --        -- 
b[57]              1      --              --              --        -- 
b[58]              1      --              --              --        -- 
b[59]              1      --              --              --        -- 
b[60]              1      --              --              --        -- 
b[61]              1      --              --              --        -- 
b[62]              1      --              --              --        -- 
b[63]              1      --              --              --        -- 
rnd[0]             1      --              --              --        -- 
rnd[1]             1      --              --              --        -- 
rnd[2]             1      --              --              --        -- 
o[0]               1      --              --              --        -- 
o[1]               1      --              --              --        -- 
o[2]               1      --              --              --        -- 
o[3]               1      --              --              --        -- 
o[4]               1      --              --              --        -- 
o[5]               1      --              --              --        -- 
o[6]               1      --              --              --        -- 
o[7]               1      --              --              --        -- 
o[8]               1      --              --              --        -- 
o[9]               1      --              --              --        -- 
o[10]              1      --              --              --        -- 
o[11]              1      --              --              --        -- 
o[12]              1      --              --              --        -- 
o[13]              1      --              --              --        -- 
o[14]              1      --              --              --        -- 
o[15]              1      --              --              --        -- 
o[16]              1      --              --              --        -- 
o[17]              1      --              --              --        -- 
o[18]              1      --              --              --        -- 
o[19]              1      --              --              --        -- 
o[20]              1      --              --              --        -- 
o[21]              1      --              --              --        -- 
o[22]              1      --              --              --        -- 
o[23]              1      --              --              --        -- 
o[24]              1      --              --              --        -- 
o[25]              1      --              --              --        -- 
o[26]              1      --              --              --        -- 
o[27]              1      --              --              --        -- 
o[28]              1      --              --              --        -- 
o[29]              1      --              --              --        -- 
o[30]              1      --              --              --        -- 
o[31]              1      --              --              --        -- 
o[32]              1      --              --              --        -- 
o[33]              1      --              --              --        -- 
o[34]              1      --              --              --        -- 
o[35]              1      --              --              --        -- 
o[36]              1      --              --              --        -- 
o[37]              1      --              --              --        -- 
o[38]              1      --              --              --        -- 
o[39]              1      --              --              --        -- 
o[40]              1      --              --              --        -- 
o[41]              1      --              --              --        -- 
o[42]              1      --              --              --        -- 
o[43]              1      --              --              --        -- 
o[44]              1      --              --              --        -- 
o[45]              1      --              --              --        -- 
o[46]              1      --              --              --        -- 
o[47]              1      --              --              --        -- 
o[48]              1      --              --              --        -- 
o[49]              1      --              --              --        -- 
o[50]              1      --              --              --        -- 
o[51]              1      --              --              --        -- 
o[52]              1      --              --              --        -- 
o[53]              1      --              --              --        -- 
o[54]              1      --              --              --        -- 
o[55]              1      --              --              --        -- 
o[56]              1      --              --              --        -- 
o[57]              1      --              --              --        -- 
o[58]              1      --              --              --        -- 
o[59]              1      --              --              --        -- 
o[60]              1      --              --              --        -- 
o[61]              1      --              --              --        -- 
o[62]              1      --              --              --        -- 
o[63]              1      --              --              --        -- 
status[0]          1      --              --              --        -- 
status[1]          1      --              --              --        -- 
status[2]          1      --              --              --        -- 
status[3]          1      --              --              --        -- 
status[4]          1      --              --              --        -- 
status[5]          1      --              --              --        -- 
status[6]          1      --              --              --        -- 
status[7]          1      --              --              --        -- 

                    Input Delay
                  Min             Max       Related   Max
Input Port    Rise    Fall    Rise    Fall   Clock  Fanout
--------------------------------------------------------------------------------
a[0]          --      --      --      --      --      -- 
a[1]          --      --      --      --      --      -- 
a[2]          --      --      --      --      --      -- 
a[3]          --      --      --      --      --      -- 
a[4]          --      --      --      --      --      -- 
a[5]          --      --      --      --      --      -- 
a[6]          --      --      --      --      --      -- 
a[7]          --      --      --      --      --      -- 
a[8]          --      --      --      --      --      -- 
a[9]          --      --      --      --      --      -- 
a[10]         --      --      --      --      --      -- 
a[11]         --      --      --      --      --      -- 
a[12]         --      --      --      --      --      -- 
a[13]         --      --      --      --      --      -- 
a[14]         --      --      --      --      --      -- 
a[15]         --      --      --      --      --      -- 
a[16]         --      --      --      --      --      -- 
a[17]         --      --      --      --      --      -- 
a[18]         --      --      --      --      --      -- 
a[19]         --      --      --      --      --      -- 
a[20]         --      --      --      --      --      -- 
a[21]         --      --      --      --      --      -- 
a[22]         --      --      --      --      --      -- 
a[23]         --      --      --      --      --      -- 
a[24]         --      --      --      --      --      -- 
a[25]         --      --      --      --      --      -- 
a[26]         --      --      --      --      --      -- 
a[27]         --      --      --      --      --      -- 
a[28]         --      --      --      --      --      -- 
a[29]         --      --      --      --      --      -- 
a[30]         --      --      --      --      --      -- 
a[31]         --      --      --      --      --      -- 
a[32]         --      --      --      --      --      -- 
a[33]         --      --      --      --      --      -- 
a[34]         --      --      --      --      --      -- 
a[35]         --      --      --      --      --      -- 
a[36]         --      --      --      --      --      -- 
a[37]         --      --      --      --      --      -- 
a[38]         --      --      --      --      --      -- 
a[39]         --      --      --      --      --      -- 
a[40]         --      --      --      --      --      -- 
a[41]         --      --      --      --      --      -- 
a[42]         --      --      --      --      --      -- 
a[43]         --      --      --      --      --      -- 
a[44]         --      --      --      --      --      -- 
a[45]         --      --      --      --      --      -- 
a[46]         --      --      --      --      --      -- 
a[47]         --      --      --      --      --      -- 
a[48]         --      --      --      --      --      -- 
a[49]         --      --      --      --      --      -- 
a[50]         --      --      --      --      --      -- 
a[51]         --      --      --      --      --      -- 
a[52]         --      --      --      --      --      -- 
a[53]         --      --      --      --      --      -- 
a[54]         --      --      --      --      --      -- 
a[55]         --      --      --      --      --      -- 
a[56]         --      --      --      --      --      -- 
a[57]         --      --      --      --      --      -- 
a[58]         --      --      --      --      --      -- 
a[59]         --      --      --      --      --      -- 
a[60]         --      --      --      --      --      -- 
a[61]         --      --      --      --      --      -- 
a[62]         --      --      --      --      --      -- 
a[63]         --      --      --      --      --      -- 
b[0]          --      --      --      --      --      -- 
b[1]          --      --      --      --      --      -- 
b[2]          --      --      --      --      --      -- 
b[3]          --      --      --      --      --      -- 
b[4]          --      --      --      --      --      -- 
b[5]          --      --      --      --      --      -- 
b[6]          --      --      --      --      --      -- 
b[7]          --      --      --      --      --      -- 
b[8]          --      --      --      --      --      -- 
b[9]          --      --      --      --      --      -- 
b[10]         --      --      --      --      --      -- 
b[11]         --      --      --      --      --      -- 
b[12]         --      --      --      --      --      -- 
b[13]         --      --      --      --      --      -- 
b[14]         --      --      --      --      --      -- 
b[15]         --      --      --      --      --      -- 
b[16]         --      --      --      --      --      -- 
b[17]         --      --      --      --      --      -- 
b[18]         --      --      --      --      --      -- 
b[19]         --      --      --      --      --      -- 
b[20]         --      --      --      --      --      -- 
b[21]         --      --      --      --      --      -- 
b[22]         --      --      --      --      --      -- 
b[23]         --      --      --      --      --      -- 
b[24]         --      --      --      --      --      -- 
b[25]         --      --      --      --      --      -- 
b[26]         --      --      --      --      --      -- 
b[27]         --      --      --      --      --      -- 
b[28]         --      --      --      --      --      -- 
b[29]         --      --      --      --      --      -- 
b[30]         --      --      --      --      --      -- 
b[31]         --      --      --      --      --      -- 
b[32]         --      --      --      --      --      -- 
b[33]         --      --      --      --      --      -- 
b[34]         --      --      --      --      --      -- 
b[35]         --      --      --      --      --      -- 
b[36]         --      --      --      --      --      -- 
b[37]         --      --      --      --      --      -- 
b[38]         --      --      --      --      --      -- 
b[39]         --      --      --      --      --      -- 
b[40]         --      --      --      --      --      -- 
b[41]         --      --      --      --      --      -- 
b[42]         --      --      --      --      --      -- 
b[43]         --      --      --      --      --      -- 
b[44]         --      --      --      --      --      -- 
b[45]         --      --      --      --      --      -- 
b[46]         --      --      --      --      --      -- 
b[47]         --      --      --      --      --      -- 
b[48]         --      --      --      --      --      -- 
b[49]         --      --      --      --      --      -- 
b[50]         --      --      --      --      --      -- 
b[51]         --      --      --      --      --      -- 
b[52]         --      --      --      --      --      -- 
b[53]         --      --      --      --      --      -- 
b[54]         --      --      --      --      --      -- 
b[55]         --      --      --      --      --      -- 
b[56]         --      --      --      --      --      -- 
b[57]         --      --      --      --      --      -- 
b[58]         --      --      --      --      --      -- 
b[59]         --      --      --      --      --      -- 
b[60]         --      --      --      --      --      -- 
b[61]         --      --      --      --      --      -- 
b[62]         --      --      --      --      --      -- 
b[63]         --      --      --      --      --      -- 
rnd[0]        --      --      --      --      --      -- 
rnd[1]        --      --      --      --      --      -- 
rnd[2]        --      --      --      --      --      -- 


               Max Drive      Min Drive      Resistance    Min    Min       Cell
Input Port    Rise    Fall   Rise    Fall   Max     Min    Cap    Fanout    Deg
--------------------------------------------------------------------------------
a[0]          --      --     --      --     --      --     --     --        -- 
a[1]          --      --     --      --     --      --     --     --        -- 
a[2]          --      --     --      --     --      --     --     --        -- 
a[3]          --      --     --      --     --      --     --     --        -- 
a[4]          --      --     --      --     --      --     --     --        -- 
a[5]          --      --     --      --     --      --     --     --        -- 
a[6]          --      --     --      --     --      --     --     --        -- 
a[7]          --      --     --      --     --      --     --     --        -- 
a[8]          --      --     --      --     --      --     --     --        -- 
a[9]          --      --     --      --     --      --     --     --        -- 
a[10]         --      --     --      --     --      --     --     --        -- 
a[11]         --      --     --      --     --      --     --     --        -- 
a[12]         --      --     --      --     --      --     --     --        -- 
a[13]         --      --     --      --     --      --     --     --        -- 
a[14]         --      --     --      --     --      --     --     --        -- 
a[15]         --      --     --      --     --      --     --     --        -- 
a[16]         --      --     --      --     --      --     --     --        -- 
a[17]         --      --     --      --     --      --     --     --        -- 
a[18]         --      --     --      --     --      --     --     --        -- 
a[19]         --      --     --      --     --      --     --     --        -- 
a[20]         --      --     --      --     --      --     --     --        -- 
a[21]         --      --     --      --     --      --     --     --        -- 
a[22]         --      --     --      --     --      --     --     --        -- 
a[23]         --      --     --      --     --      --     --     --        -- 
a[24]         --      --     --      --     --      --     --     --        -- 
a[25]         --      --     --      --     --      --     --     --        -- 
a[26]         --      --     --      --     --      --     --     --        -- 
a[27]         --      --     --      --     --      --     --     --        -- 
a[28]         --      --     --      --     --      --     --     --        -- 
a[29]         --      --     --      --     --      --     --     --        -- 
a[30]         --      --     --      --     --      --     --     --        -- 
a[31]         --      --     --      --     --      --     --     --        -- 
a[32]         --      --     --      --     --      --     --     --        -- 
a[33]         --      --     --      --     --      --     --     --        -- 
a[34]         --      --     --      --     --      --     --     --        -- 
a[35]         --      --     --      --     --      --     --     --        -- 
a[36]         --      --     --      --     --      --     --     --        -- 
a[37]         --      --     --      --     --      --     --     --        -- 
a[38]         --      --     --      --     --      --     --     --        -- 
a[39]         --      --     --      --     --      --     --     --        -- 
a[40]         --      --     --      --     --      --     --     --        -- 
a[41]         --      --     --      --     --      --     --     --        -- 
a[42]         --      --     --      --     --      --     --     --        -- 
a[43]         --      --     --      --     --      --     --     --        -- 
a[44]         --      --     --      --     --      --     --     --        -- 
a[45]         --      --     --      --     --      --     --     --        -- 
a[46]         --      --     --      --     --      --     --     --        -- 
a[47]         --      --     --      --     --      --     --     --        -- 
a[48]         --      --     --      --     --      --     --     --        -- 
a[49]         --      --     --      --     --      --     --     --        -- 
a[50]         --      --     --      --     --      --     --     --        -- 
a[51]         --      --     --      --     --      --     --     --        -- 
a[52]         --      --     --      --     --      --     --     --        -- 
a[53]         --      --     --      --     --      --     --     --        -- 
a[54]         --      --     --      --     --      --     --     --        -- 
a[55]         --      --     --      --     --      --     --     --        -- 
a[56]         --      --     --      --     --      --     --     --        -- 
a[57]         --      --     --      --     --      --     --     --        -- 
a[58]         --      --     --      --     --      --     --     --        -- 
a[59]         --      --     --      --     --      --     --     --        -- 
a[60]         --      --     --      --     --      --     --     --        -- 
a[61]         --      --     --      --     --      --     --     --        -- 
a[62]         --      --     --      --     --      --     --     --        -- 
a[63]         --      --     --      --     --      --     --     --        -- 
b[0]          --      --     --      --     --      --     --     --        -- 
b[1]          --      --     --      --     --      --     --     --        -- 
b[2]          --      --     --      --     --      --     --     --        -- 
b[3]          --      --     --      --     --      --     --     --        -- 
b[4]          --      --     --      --     --      --     --     --        -- 
b[5]          --      --     --      --     --      --     --     --        -- 
b[6]          --      --     --      --     --      --     --     --        -- 
b[7]          --      --     --      --     --      --     --     --        -- 
b[8]          --      --     --      --     --      --     --     --        -- 
b[9]          --      --     --      --     --      --     --     --        -- 
b[10]         --      --     --      --     --      --     --     --        -- 
b[11]         --      --     --      --     --      --     --     --        -- 
b[12]         --      --     --      --     --      --     --     --        -- 
b[13]         --      --     --      --     --      --     --     --        -- 
b[14]         --      --     --      --     --      --     --     --        -- 
b[15]         --      --     --      --     --      --     --     --        -- 
b[16]         --      --     --      --     --      --     --     --        -- 
b[17]         --      --     --      --     --      --     --     --        -- 
b[18]         --      --     --      --     --      --     --     --        -- 
b[19]         --      --     --      --     --      --     --     --        -- 
b[20]         --      --     --      --     --      --     --     --        -- 
b[21]         --      --     --      --     --      --     --     --        -- 
b[22]         --      --     --      --     --      --     --     --        -- 
b[23]         --      --     --      --     --      --     --     --        -- 
b[24]         --      --     --      --     --      --     --     --        -- 
b[25]         --      --     --      --     --      --     --     --        -- 
b[26]         --      --     --      --     --      --     --     --        -- 
b[27]         --      --     --      --     --      --     --     --        -- 
b[28]         --      --     --      --     --      --     --     --        -- 
b[29]         --      --     --      --     --      --     --     --        -- 
b[30]         --      --     --      --     --      --     --     --        -- 
b[31]         --      --     --      --     --      --     --     --        -- 
b[32]         --      --     --      --     --      --     --     --        -- 
b[33]         --      --     --      --     --      --     --     --        -- 
b[34]         --      --     --      --     --      --     --     --        -- 
b[35]         --      --     --      --     --      --     --     --        -- 
b[36]         --      --     --      --     --      --     --     --        -- 
b[37]         --      --     --      --     --      --     --     --        -- 
b[38]         --      --     --      --     --      --     --     --        -- 
b[39]         --      --     --      --     --      --     --     --        -- 
b[40]         --      --     --      --     --      --     --     --        -- 
b[41]         --      --     --      --     --      --     --     --        -- 
b[42]         --      --     --      --     --      --     --     --        -- 
b[43]         --      --     --      --     --      --     --     --        -- 
b[44]         --      --     --      --     --      --     --     --        -- 
b[45]         --      --     --      --     --      --     --     --        -- 
b[46]         --      --     --      --     --      --     --     --        -- 
b[47]         --      --     --      --     --      --     --     --        -- 
b[48]         --      --     --      --     --      --     --     --        -- 
b[49]         --      --     --      --     --      --     --     --        -- 
b[50]         --      --     --      --     --      --     --     --        -- 
b[51]         --      --     --      --     --      --     --     --        -- 
b[52]         --      --     --      --     --      --     --     --        -- 
b[53]         --      --     --      --     --      --     --     --        -- 
b[54]         --      --     --      --     --      --     --     --        -- 
b[55]         --      --     --      --     --      --     --     --        -- 
b[56]         --      --     --      --     --      --     --     --        -- 
b[57]         --      --     --      --     --      --     --     --        -- 
b[58]         --      --     --      --     --      --     --     --        -- 
b[59]         --      --     --      --     --      --     --     --        -- 
b[60]         --      --     --      --     --      --     --     --        -- 
b[61]         --      --     --      --     --      --     --     --        -- 
b[62]         --      --     --      --     --      --     --     --        -- 
b[63]         --      --     --      --     --      --     --     --        -- 
rnd[0]        --      --     --      --     --      --     --     --        -- 
rnd[1]        --      --     --      --     --      --     --     --        -- 
rnd[2]        --      --     --      --     --      --     --     --        -- 


               Max Tran        Min Tran
Input Port    Rise    Fall    Rise    Fall
--------------------------------------------------------------------------------
a[0]          --      --      --      -- 
a[1]          --      --      --      -- 
a[2]          --      --      --      -- 
a[3]          --      --      --      -- 
a[4]          --      --      --      -- 
a[5]          --      --      --      -- 
a[6]          --      --      --      -- 
a[7]          --      --      --      -- 
a[8]          --      --      --      -- 
a[9]          --      --      --      -- 
a[10]         --      --      --      -- 
a[11]         --      --      --      -- 
a[12]         --      --      --      -- 
a[13]         --      --      --      -- 
a[14]         --      --      --      -- 
a[15]         --      --      --      -- 
a[16]         --      --      --      -- 
a[17]         --      --      --      -- 
a[18]         --      --      --      -- 
a[19]         --      --      --      -- 
a[20]         --      --      --      -- 
a[21]         --      --      --      -- 
a[22]         --      --      --      -- 
a[23]         --      --      --      -- 
a[24]         --      --      --      -- 
a[25]         --      --      --      -- 
a[26]         --      --      --      -- 
a[27]         --      --      --      -- 
a[28]         --      --      --      -- 
a[29]         --      --      --      -- 
a[30]         --      --      --      -- 
a[31]         --      --      --      -- 
a[32]         --      --      --      -- 
a[33]         --      --      --      -- 
a[34]         --      --      --      -- 
a[35]         --      --      --      -- 
a[36]         --      --      --      -- 
a[37]         --      --      --      -- 
a[38]         --      --      --      -- 
a[39]         --      --      --      -- 
a[40]         --      --      --      -- 
a[41]         --      --      --      -- 
a[42]         --      --      --      -- 
a[43]         --      --      --      -- 
a[44]         --      --      --      -- 
a[45]         --      --      --      -- 
a[46]         --      --      --      -- 
a[47]         --      --      --      -- 
a[48]         --      --      --      -- 
a[49]         --      --      --      -- 
a[50]         --      --      --      -- 
a[51]         --      --      --      -- 
a[52]         --      --      --      -- 
a[53]         --      --      --      -- 
a[54]         --      --      --      -- 
a[55]         --      --      --      -- 
a[56]         --      --      --      -- 
a[57]         --      --      --      -- 
a[58]         --      --      --      -- 
a[59]         --      --      --      -- 
a[60]         --      --      --      -- 
a[61]         --      --      --      -- 
a[62]         --      --      --      -- 
a[63]         --      --      --      -- 
b[0]          --      --      --      -- 
b[1]          --      --      --      -- 
b[2]          --      --      --      -- 
b[3]          --      --      --      -- 
b[4]          --      --      --      -- 
b[5]          --      --      --      -- 
b[6]          --      --      --      -- 
b[7]          --      --      --      -- 
b[8]          --      --      --      -- 
b[9]          --      --      --      -- 
b[10]         --      --      --      -- 
b[11]         --      --      --      -- 
b[12]         --      --      --      -- 
b[13]         --      --      --      -- 
b[14]         --      --      --      -- 
b[15]         --      --      --      -- 
b[16]         --      --      --      -- 
b[17]         --      --      --      -- 
b[18]         --      --      --      -- 
b[19]         --      --      --      -- 
b[20]         --      --      --      -- 
b[21]         --      --      --      -- 
b[22]         --      --      --      -- 
b[23]         --      --      --      -- 
b[24]         --      --      --      -- 
b[25]         --      --      --      -- 
b[26]         --      --      --      -- 
b[27]         --      --      --      -- 
b[28]         --      --      --      -- 
b[29]         --      --      --      -- 
b[30]         --      --      --      -- 
b[31]         --      --      --      -- 
b[32]         --      --      --      -- 
b[33]         --      --      --      -- 
b[34]         --      --      --      -- 
b[35]         --      --      --      -- 
b[36]         --      --      --      -- 
b[37]         --      --      --      -- 
b[38]         --      --      --      -- 
b[39]         --      --      --      -- 
b[40]         --      --      --      -- 
b[41]         --      --      --      -- 
b[42]         --      --      --      -- 
b[43]         --      --      --      -- 
b[44]         --      --      --      -- 
b[45]         --      --      --      -- 
b[46]         --      --      --      -- 
b[47]         --      --      --      -- 
b[48]         --      --      --      -- 
b[49]         --      --      --      -- 
b[50]         --      --      --      -- 
b[51]         --      --      --      -- 
b[52]         --      --      --      -- 
b[53]         --      --      --      -- 
b[54]         --      --      --      -- 
b[55]         --      --      --      -- 
b[56]         --      --      --      -- 
b[57]         --      --      --      -- 
b[58]         --      --      --      -- 
b[59]         --      --      --      -- 
b[60]         --      --      --      -- 
b[61]         --      --      --      -- 
b[62]         --      --      --      -- 
b[63]         --      --      --      -- 
rnd[0]        --      --      --      -- 
rnd[1]        --      --      --      -- 
rnd[2]        --      --      --      -- 


                    Output Delay
                  Min             Max      Related  Fanout
Output Port   Rise    Fall    Rise    Fall  Clock     Load
--------------------------------------------------------------------------------
o[0]          --      --      --      --      --      0.00
o[1]          --      --      --      --      --      0.00
o[2]          --      --      --      --      --      0.00
o[3]          --      --      --      --      --      0.00
o[4]          --      --      --      --      --      0.00
o[5]          --      --      --      --      --      0.00
o[6]          --      --      --      --      --      0.00
o[7]          --      --      --      --      --      0.00
o[8]          --      --      --      --      --      0.00
o[9]          --      --      --      --      --      0.00
o[10]         --      --      --      --      --      0.00
o[11]         --      --      --      --      --      0.00
o[12]         --      --      --      --      --      0.00
o[13]         --      --      --      --      --      0.00
o[14]         --      --      --      --      --      0.00
o[15]         --      --      --      --      --      0.00
o[16]         --      --      --      --      --      0.00
o[17]         --      --      --      --      --      0.00
o[18]         --      --      --      --      --      0.00
o[19]         --      --      --      --      --      0.00
o[20]         --      --      --      --      --      0.00
o[21]         --      --      --      --      --      0.00
o[22]         --      --      --      --      --      0.00
o[23]         --      --      --      --      --      0.00
o[24]         --      --      --      --      --      0.00
o[25]         --      --      --      --      --      0.00
o[26]         --      --      --      --      --      0.00
o[27]         --      --      --      --      --      0.00
o[28]         --      --      --      --      --      0.00
o[29]         --      --      --      --      --      0.00
o[30]         --      --      --      --      --      0.00
o[31]         --      --      --      --      --      0.00
o[32]         --      --      --      --      --      0.00
o[33]         --      --      --      --      --      0.00
o[34]         --      --      --      --      --      0.00
o[35]         --      --      --      --      --      0.00
o[36]         --      --      --      --      --      0.00
o[37]         --      --      --      --      --      0.00
o[38]         --      --      --      --      --      0.00
o[39]         --      --      --      --      --      0.00
o[40]         --      --      --      --      --      0.00
o[41]         --      --      --      --      --      0.00
o[42]         --      --      --      --      --      0.00
o[43]         --      --      --      --      --      0.00
o[44]         --      --      --      --      --      0.00
o[45]         --      --      --      --      --      0.00
o[46]         --      --      --      --      --      0.00
o[47]         --      --      --      --      --      0.00
o[48]         --      --      --      --      --      0.00
o[49]         --      --      --      --      --      0.00
o[50]         --      --      --      --      --      0.00
o[51]         --      --      --      --      --      0.00
o[52]         --      --      --      --      --      0.00
o[53]         --      --      --      --      --      0.00
o[54]         --      --      --      --      --      0.00
o[55]         --      --      --      --      --      0.00
o[56]         --      --      --      --      --      0.00
o[57]         --      --      --      --      --      0.00
o[58]         --      --      --      --      --      0.00
o[59]         --      --      --      --      --      0.00
o[60]         --      --      --      --      --      0.00
o[61]         --      --      --      --      --      0.00
o[62]         --      --      --      --      --      0.00
o[63]         --      --      --      --      --      0.00
status[0]     --      --      --      --      --      0.00
status[1]     --      --      --      --      --      0.00
status[2]     --      --      --      --      --      0.00
status[3]     --      --      --      --      --      0.00
status[4]     --      --      --      --      --      0.00
status[5]     --      --      --      --      --      0.00
status[6]     --      --      --      --      --      0.00
status[7]     --      --      --      --      --      0.00

1
